INFO 2025-11-22 13:39:05,118 autoreload 26668 8582733568 Watching for file changes with StatReloader
INFO 2025-11-22 13:39:42,520 autoreload 27355 8582733568 Watching for file changes with StatReloader
INFO 2025-11-22 13:41:37,351 autoreload 29223 8582733568 Watching for file changes with StatReloader
INFO 2025-11-22 13:44:32,387 autoreload 31969 8582733568 Watching for file changes with StatReloader
INFO 2025-11-22 13:47:30,413 basehttp 31969 6137409536 "GET /api/patients/ HTTP/1.1" 200 1625
INFO 2025-11-22 13:47:30,433 basehttp 31969 6137409536 "GET /api/messages/ HTTP/1.1" 200 8941
INFO 2025-11-22 13:47:58,852 autoreload 31969 8582733568 /Users/acmac/Documents/GitHub/carebridge-ai/config/settings.py changed, reloading.
INFO 2025-11-22 13:47:59,485 autoreload 35078 8582733568 Watching for file changes with StatReloader
INFO 2025-11-22 13:48:07,318 autoreload 35312 8582733568 Watching for file changes with StatReloader
INFO 2025-11-22 13:48:22,814 basehttp 35312 6198652928 "GET /api/patients/ HTTP/1.1" 200 1625
INFO 2025-11-22 13:48:22,822 basehttp 35312 6198652928 "GET /api/messages/ HTTP/1.1" 200 8941
INFO 2025-11-22 13:48:26,100 basehttp 35312 6198652928 "GET /api/patients/ HTTP/1.1" 200 1625
INFO 2025-11-22 13:48:26,108 basehttp 35312 6198652928 "GET /api/messages/ HTTP/1.1" 200 8941
INFO 2025-11-22 13:48:54,859 basehttp 35312 6198652928 "GET /api/patients/ HTTP/1.1" 200 1625
INFO 2025-11-22 13:48:54,867 basehttp 35312 6198652928 "GET /api/messages/ HTTP/1.1" 200 8941
INFO 2025-11-22 13:48:58,062 basehttp 35312 6198652928 "GET /api/patients/ HTTP/1.1" 200 1625
INFO 2025-11-22 13:48:58,068 basehttp 35312 6198652928 "GET /api/messages/ HTTP/1.1" 200 8941
INFO 2025-11-22 13:48:59,377 basehttp 35312 6198652928 "GET /api/patients/ HTTP/1.1" 200 1625
INFO 2025-11-22 13:48:59,385 basehttp 35312 6198652928 "GET /api/messages/ HTTP/1.1" 200 8941
INFO 2025-11-22 13:49:00,328 basehttp 35312 6198652928 "GET /api/patients/ HTTP/1.1" 200 1625
INFO 2025-11-22 13:49:00,337 basehttp 35312 6198652928 "GET /api/messages/ HTTP/1.1" 200 8941
INFO 2025-11-22 13:49:04,650 basehttp 35312 6198652928 "GET /api/patients/ HTTP/1.1" 200 1625
INFO 2025-11-22 13:49:04,661 basehttp 35312 6198652928 "GET /api/messages/ HTTP/1.1" 200 8941
INFO 2025-11-22 13:49:05,483 basehttp 35312 6198652928 "GET /api/patients/ HTTP/1.1" 200 1625
INFO 2025-11-22 13:49:05,494 basehttp 35312 6198652928 "GET /api/messages/ HTTP/1.1" 200 8941
INFO 2025-11-22 13:49:06,316 basehttp 35312 6198652928 "GET /api/patients/ HTTP/1.1" 200 1625
INFO 2025-11-22 13:49:06,328 basehttp 35312 6198652928 "GET /api/messages/ HTTP/1.1" 200 8941
INFO 2025-11-22 13:49:09,424 basehttp 35312 6198652928 "GET /api/patients/ HTTP/1.1" 200 1625
INFO 2025-11-22 13:49:09,435 basehttp 35312 6198652928 "GET /api/messages/ HTTP/1.1" 200 8941
INFO 2025-11-22 13:49:13,884 basehttp 35312 6198652928 "GET /api/patients/ HTTP/1.1" 200 1625
INFO 2025-11-22 13:49:13,908 basehttp 35312 6198652928 "GET /api/messages/ HTTP/1.1" 200 8941
INFO 2025-11-22 13:49:58,399 basehttp 35312 6198652928 "GET /api/patients/ HTTP/1.1" 200 1625
INFO 2025-11-22 13:49:58,404 basehttp 35312 6198652928 "GET /api/messages/ HTTP/1.1" 200 8941
INFO 2025-11-22 13:50:39,668 basehttp 35312 6198652928 "GET /api/patients/ HTTP/1.1" 200 1625
INFO 2025-11-22 13:50:39,674 basehttp 35312 6198652928 "GET /api/messages/ HTTP/1.1" 200 8941
INFO 2025-11-22 13:50:53,271 basehttp 35312 6198652928 "GET /api/patients/ HTTP/1.1" 200 1625
INFO 2025-11-22 13:50:53,279 basehttp 35312 6198652928 "GET /api/messages/ HTTP/1.1" 200 8941
INFO 2025-11-22 13:50:54,104 basehttp 35312 6198652928 "GET /api/patients/ HTTP/1.1" 200 1625
INFO 2025-11-22 13:50:54,108 basehttp 35312 6198652928 "GET /api/messages/ HTTP/1.1" 200 8941
INFO 2025-11-22 14:18:53,771 basehttp 35312 6198652928 "GET /api/patients/ HTTP/1.1" 200 1625
INFO 2025-11-22 14:18:53,784 basehttp 35312 6198652928 "GET /api/messages/ HTTP/1.1" 200 8941
INFO 2025-11-22 21:35:18,903 basehttp 35312 6198652928 "GET /api/patients/ HTTP/1.1" 200 1625
INFO 2025-11-22 21:35:18,914 basehttp 35312 6198652928 "GET /api/messages/ HTTP/1.1" 200 8941
INFO 2025-12-06 21:03:22,936 autoreload 10007 8582733568 Watching for file changes with StatReloader
ERROR 2025-12-06 21:09:19,312 log 10007 6204370944 Internal Server Error: /
Traceback (most recent call last):
  File "/Users/acmac/.pyenv/versions/3.11.5/Library/Frameworks/Python.framework/Versions/3.11/lib/python3.11/site-packages/django/core/handlers/exception.py", line 55, in inner
    response = get_response(request)
               ^^^^^^^^^^^^^^^^^^^^^
  File "/Users/acmac/.pyenv/versions/3.11.5/Library/Frameworks/Python.framework/Versions/3.11/lib/python3.11/site-packages/django/core/handlers/base.py", line 220, in _get_response
    response = response.render()
               ^^^^^^^^^^^^^^^^^
  File "/Users/acmac/.pyenv/versions/3.11.5/Library/Frameworks/Python.framework/Versions/3.11/lib/python3.11/site-packages/django/template/response.py", line 114, in render
    self.content = self.rendered_content
                   ^^^^^^^^^^^^^^^^^^^^^
  File "/Users/acmac/.pyenv/versions/3.11.5/Library/Frameworks/Python.framework/Versions/3.11/lib/python3.11/site-packages/django/template/response.py", line 90, in rendered_content
    template = self.resolve_template(self.template_name)
               ^^^^^^^^^^^^^^^^^^^^^^^^^^^^^^^^^^^^^^^^^
  File "/Users/acmac/.pyenv/versions/3.11.5/Library/Frameworks/Python.framework/Versions/3.11/lib/python3.11/site-packages/django/template/response.py", line 72, in resolve_template
    return select_template(template, using=self.using)
           ^^^^^^^^^^^^^^^^^^^^^^^^^^^^^^^^^^^^^^^^^^^
  File "/Users/acmac/.pyenv/versions/3.11.5/Library/Frameworks/Python.framework/Versions/3.11/lib/python3.11/site-packages/django/template/loader.py", line 47, in select_template
    raise TemplateDoesNotExist(", ".join(template_name_list), chain=chain)
django.template.exceptions.TemplateDoesNotExist: index.html
ERROR 2025-12-06 21:09:19,313 basehttp 10007 6204370944 "GET / HTTP/1.1" 500 85819
INFO 2025-12-06 21:10:36,096 autoreload 10007 8582733568 /Users/acmac/Documents/GitHub/carebridge-ai/config/settings.py changed, reloading.
INFO 2025-12-06 21:10:36,670 autoreload 15110 8582733568 Watching for file changes with StatReloader
INFO 2025-12-06 21:10:43,453 autoreload 15110 8582733568 /Users/acmac/Documents/GitHub/carebridge-ai/config/settings.py changed, reloading.
INFO 2025-12-06 21:10:43,913 autoreload 15551 8582733568 Watching for file changes with StatReloader
INFO 2025-12-06 21:10:54,674 autoreload 15551 8582733568 /Users/acmac/Documents/GitHub/carebridge-ai/clinic_ai/api/views.py changed, reloading.
INFO 2025-12-06 21:10:55,137 autoreload 15749 8582733568 Watching for file changes with StatReloader
INFO 2025-12-06 21:11:04,960 basehttp 15749 6160756736 "GET /api/health/ HTTP/1.1" 200 148
INFO 2025-12-06 21:11:10,862 basehttp 15749 6160756736 "GET /api/patients/ HTTP/1.1" 200 1625
INFO 2025-12-06 21:11:45,168 basehttp 15749 6160756736 "GET /api/health/ HTTP/1.1" 200 148
ERROR 2025-12-06 21:18:42,787 log 15749 6160756736 Internal Server Error: /
Traceback (most recent call last):
  File "/Users/acmac/.pyenv/versions/3.11.5/Library/Frameworks/Python.framework/Versions/3.11/lib/python3.11/site-packages/django/core/handlers/exception.py", line 55, in inner
    response = get_response(request)
               ^^^^^^^^^^^^^^^^^^^^^
  File "/Users/acmac/.pyenv/versions/3.11.5/Library/Frameworks/Python.framework/Versions/3.11/lib/python3.11/site-packages/django/core/handlers/base.py", line 220, in _get_response
    response = response.render()
               ^^^^^^^^^^^^^^^^^
  File "/Users/acmac/.pyenv/versions/3.11.5/Library/Frameworks/Python.framework/Versions/3.11/lib/python3.11/site-packages/django/template/response.py", line 114, in render
    self.content = self.rendered_content
                   ^^^^^^^^^^^^^^^^^^^^^
  File "/Users/acmac/.pyenv/versions/3.11.5/Library/Frameworks/Python.framework/Versions/3.11/lib/python3.11/site-packages/django/template/response.py", line 90, in rendered_content
    template = self.resolve_template(self.template_name)
               ^^^^^^^^^^^^^^^^^^^^^^^^^^^^^^^^^^^^^^^^^
  File "/Users/acmac/.pyenv/versions/3.11.5/Library/Frameworks/Python.framework/Versions/3.11/lib/python3.11/site-packages/django/template/response.py", line 72, in resolve_template
    return select_template(template, using=self.using)
           ^^^^^^^^^^^^^^^^^^^^^^^^^^^^^^^^^^^^^^^^^^^
  File "/Users/acmac/.pyenv/versions/3.11.5/Library/Frameworks/Python.framework/Versions/3.11/lib/python3.11/site-packages/django/template/loader.py", line 47, in select_template
    raise TemplateDoesNotExist(", ".join(template_name_list), chain=chain)
django.template.exceptions.TemplateDoesNotExist: index.html
ERROR 2025-12-06 21:18:42,789 basehttp 15749 6160756736 "GET / HTTP/1.1" 500 86917
